[1m[33mComponent HMR has been enabled, see https://angular.dev/hmr for more info.[39m[22m
[1m[31m[31mX [41;31m[[41;97mERROR[41;31m][0m [1mTS2307: Cannot find module '../services/portfolio-data.service' or its corresponding type declarations.[0m [1m[35m[plugin angular-compiler][0m

    src/app/pages/asset-detail.component.ts:5:37:
[37m      5 │ ...{ PortfolioDataService } from [32m'../services/portfolio-data.service'[37m;
        ╵                                  [32m~~~~~~~~~~~~~~~~~~~~~~~~~~~~~~~~~~~~[0m


[31mX [41;31m[[41;97mERROR[41;31m][0m [1mCould not resolve "../services/portfolio-data.service"[0m

    src/app/pages/asset-detail.component.ts:6:20:
[37m      6 │ import * as i2 from [32m"../services/portfolio-data.service"[37m;
        ╵                     [32m~~~~~~~~~~~~~~~~~~~~~~~~~~~~~~~~~~~~[0m


[31mX [41;31m[[41;97mERROR[41;31m][0m [1mCould not resolve "../services/portfolio-data.service"[0m

    src/app/pages/portfolio-home.component.ts:6:20:
[37m      6 │ import * as i1 from [32m"../services/portfolio-data.service"[37m;
        ╵                     [32m~~~~~~~~~~~~~~~~~~~~~~~~~~~~~~~~~~~~[0m


[31mX [41;31m[[41;97mERROR[41;31m][0m [1mTS2307: Cannot find module '../services/portfolio-data.service' or its corresponding type declarations.[0m [1m[35m[plugin angular-compiler][0m

    src/app/pages/portfolio-home.component.ts:6:37:
[37m      6 │ ...{ PortfolioDataService } from [32m'../services/portfolio-data.service'[37m;
        ╵                                  [32m~~~~~~~~~~~~~~~~~~~~~~~~~~~~~~~~~~~~[0m


[31mX [41;31m[[41;97mERROR[41;31m][0m [1mTS2531: Object is possibly 'null'.[0m [1m[35m[plugin angular-compiler][0m

    src/app/pages/portfolio-home.component.ts:104:25:
[37m      104 │       this.lastUpdated = [32mthis.dataset[37m.lastUpdated;
          ╵                          [32m~~~~~~~~~~~~[0m


[31mX [41;31m[[41;97mERROR[41;31m][0m [1mTS2531: Object is possibly 'null'.[0m [1m[35m[plugin angular-compiler][0m

    src/app/pages/portfolio-home.component.ts:105:27:
[37m      105 │       this.summaryByType = [32mthis.dataset[37m.summaryByType;
          ╵                            [32m~~~~~~~~~~~~[0m


[31mX [41;31m[[41;97mERROR[41;31m][0m [1mTS2531: Object is possibly 'null'.[0m [1m[35m[plugin angular-compiler][0m

    src/app/pages/portfolio-home.component.ts:106:28:
[37m      106 │       this.summaryByAsset = [32mthis.dataset[37m.summaryByAsset;
          ╵                             [32m~~~~~~~~~~~~[0m


[31mX [41;31m[[41;97mERROR[41;31m][0m [1mTS2531: Object is possibly 'null'.[0m [1m[35m[plugin angular-compiler][0m

    src/app/pages/portfolio-home.component.ts:107:49:
[37m      107 │ ...s = ['TODOS', ...new Set([32mthis.dataset[37m.rows.map((row) => row.ty...
          ╵                             [32m~~~~~~~~~~~~[0m

[39m[22m
[1m[31m[31mX [41;31m[[41;97mERROR[41;31m][0m [1mTS2307: Cannot find module '../services/portfolio-data.service' or its corresponding type declarations.[0m [1m[35m[plugin angular-compiler][0m

    src/app/pages/asset-detail.component.ts:5:37:
[37m      5 │ ...{ PortfolioDataService } from [32m'../services/portfolio-data.service'[37m;
        ╵                                  [32m~~~~~~~~~~~~~~~~~~~~~~~~~~~~~~~~~~~~[0m


[31mX [41;31m[[41;97mERROR[41;31m][0m [1mCould not resolve "../services/portfolio-data.service"[0m

    src/app/pages/asset-detail.component.ts:6:20:
[37m      6 │ import * as i2 from [32m"../services/portfolio-data.service"[37m;
        ╵                     [32m~~~~~~~~~~~~~~~~~~~~~~~~~~~~~~~~~~~~[0m


[31mX [41;31m[[41;97mERROR[41;31m][0m [1mCould not resolve "../services/portfolio-data.service"[0m

    src/app/pages/portfolio-home.component.ts:6:20:
[37m      6 │ import * as i1 from [32m"../services/portfolio-data.service"[37m;
        ╵                     [32m~~~~~~~~~~~~~~~~~~~~~~~~~~~~~~~~~~~~[0m


[31mX [41;31m[[41;97mERROR[41;31m][0m [1mTS2307: Cannot find module '../services/portfolio-data.service' or its corresponding type declarations.[0m [1m[35m[plugin angular-compiler][0m

    src/app/pages/portfolio-home.component.ts:6:37:
[37m      6 │ ...{ PortfolioDataService } from [32m'../services/portfolio-data.service'[37m;
        ╵                                  [32m~~~~~~~~~~~~~~~~~~~~~~~~~~~~~~~~~~~~[0m


[31mX [41;31m[[41;97mERROR[41;31m][0m [1mTS2531: Object is possibly 'null'.[0m [1m[35m[plugin angular-compiler][0m

    src/app/pages/portfolio-home.component.ts:104:25:
[37m      104 │       this.lastUpdated = [32mthis.dataset[37m.lastUpdated;
          ╵                          [32m~~~~~~~~~~~~[0m


[31mX [41;31m[[41;97mERROR[41;31m][0m [1mTS2531: Object is possibly 'null'.[0m [1m[35m[plugin angular-compiler][0m

    src/app/pages/portfolio-home.component.ts:105:27:
[37m      105 │       this.summaryByType = [32mthis.dataset[37m.summaryByType;
          ╵                            [32m~~~~~~~~~~~~[0m


[31mX [41;31m[[41;97mERROR[41;31m][0m [1mTS2531: Object is possibly 'null'.[0m [1m[35m[plugin angular-compiler][0m

    src/app/pages/portfolio-home.component.ts:106:28:
[37m      106 │       this.summaryByAsset = [32mthis.dataset[37m.summaryByAsset;
          ╵                             [32m~~~~~~~~~~~~[0m


[31mX [41;31m[[41;97mERROR[41;31m][0m [1mTS2531: Object is possibly 'null'.[0m [1m[35m[plugin angular-compiler][0m

    src/app/pages/portfolio-home.component.ts:107:49:
[37m      107 │ ...s = ['TODOS', ...new Set([32mthis.dataset[37m.rows.map((row) => row.ty...
          ╵                             [32m~~~~~~~~~~~~[0m

[39m[22m
[1m[31m[31mX [41;31m[[41;97mERROR[41;31m][0m [1mCould not resolve "../services/portfolio-data.service"[0m

    src/app/pages/asset-detail.component.ts:7:20:
[37m      7 │ import * as i2 from [32m"../services/portfolio-data.service"[37m;
        ╵                     [32m~~~~~~~~~~~~~~~~~~~~~~~~~~~~~~~~~~~~[0m


[31mX [41;31m[[41;97mERROR[41;31m][0m [1mTS2307: Cannot find module '../services/portfolio-data.service' or its corresponding type declarations.[0m [1m[35m[plugin angular-compiler][0m

    src/app/pages/asset-detail.component.ts:12:37:
[37m      12 │ ... PortfolioDataService } from [32m'../services/portfolio-data.service'[37m;
         ╵                                 [32m~~~~~~~~~~~~~~~~~~~~~~~~~~~~~~~~~~~~[0m


[31mX [41;31m[[41;97mERROR[41;31m][0m [1mCould not resolve "../services/portfolio-data.service"[0m

    src/app/pages/portfolio-home.component.ts:6:20:
[37m      6 │ import * as i1 from [32m"../services/portfolio-data.service"[37m;
        ╵                     [32m~~~~~~~~~~~~~~~~~~~~~~~~~~~~~~~~~~~~[0m


[31mX [41;31m[[41;97mERROR[41;31m][0m [1mTS2307: Cannot find module '../services/portfolio-data.service' or its corresponding type declarations.[0m [1m[35m[plugin angular-compiler][0m

    src/app/pages/portfolio-home.component.ts:6:37:
[37m      6 │ ...{ PortfolioDataService } from [32m'../services/portfolio-data.service'[37m;
        ╵                                  [32m~~~~~~~~~~~~~~~~~~~~~~~~~~~~~~~~~~~~[0m


[31mX [41;31m[[41;97mERROR[41;31m][0m [1mTS2531: Object is possibly 'null'.[0m [1m[35m[plugin angular-compiler][0m

    src/app/pages/portfolio-home.component.ts:109:25:
[37m      109 │       this.lastUpdated = [32mthis.dataset[37m.lastUpdated;
          ╵                          [32m~~~~~~~~~~~~[0m


[31mX [41;31m[[41;97mERROR[41;31m][0m [1mTS2531: Object is possibly 'null'.[0m [1m[35m[plugin angular-compiler][0m

    src/app/pages/portfolio-home.component.ts:110:27:
[37m      110 │       this.summaryByType = [32mthis.dataset[37m.summaryByType;
          ╵                            [32m~~~~~~~~~~~~[0m


[31mX [41;31m[[41;97mERROR[41;31m][0m [1mTS2531: Object is possibly 'null'.[0m [1m[35m[plugin angular-compiler][0m

    src/app/pages/portfolio-home.component.ts:111:28:
[37m      111 │       this.summaryByAsset = [32mthis.dataset[37m.summaryByAsset;
          ╵                             [32m~~~~~~~~~~~~[0m


[31mX [41;31m[[41;97mERROR[41;31m][0m [1mTS2531: Object is possibly 'null'.[0m [1m[35m[plugin angular-compiler][0m

    src/app/pages/portfolio-home.component.ts:112:49:
[37m      112 │ ...s = ['TODOS', ...new Set([32mthis.dataset[37m.rows.map((row) => row.ty...
          ╵                             [32m~~~~~~~~~~~~[0m

[39m[22m
[1m[31m[31mX [41;31m[[41;97mERROR[41;31m][0m [1mCould not resolve "../services/portfolio-data.service"[0m

    src/app/pages/asset-detail.component.ts:7:20:
[37m      7 │ import * as i2 from [32m"../services/portfolio-data.service"[37m;
        ╵                     [32m~~~~~~~~~~~~~~~~~~~~~~~~~~~~~~~~~~~~[0m


[31mX [41;31m[[41;97mERROR[41;31m][0m [1mTS2307: Cannot find module '../services/portfolio-data.service' or its corresponding type declarations.[0m [1m[35m[plugin angular-compiler][0m

    src/app/pages/asset-detail.component.ts:12:37:
[37m      12 │ ... PortfolioDataService } from [32m'../services/portfolio-data.service'[37m;
         ╵                                 [32m~~~~~~~~~~~~~~~~~~~~~~~~~~~~~~~~~~~~[0m


[31mX [41;31m[[41;97mERROR[41;31m][0m [1mCould not resolve "../services/portfolio-data.service"[0m

    src/app/pages/portfolio-home.component.ts:6:20:
[37m      6 │ import * as i1 from [32m"../services/portfolio-data.service"[37m;
        ╵                     [32m~~~~~~~~~~~~~~~~~~~~~~~~~~~~~~~~~~~~[0m


[31mX [41;31m[[41;97mERROR[41;31m][0m [1mTS2307: Cannot find module '../services/portfolio-data.service' or its corresponding type declarations.[0m [1m[35m[plugin angular-compiler][0m

    src/app/pages/portfolio-home.component.ts:6:37:
[37m      6 │ ...{ PortfolioDataService } from [32m'../services/portfolio-data.service'[37m;
        ╵                                  [32m~~~~~~~~~~~~~~~~~~~~~~~~~~~~~~~~~~~~[0m


[31mX [41;31m[[41;97mERROR[41;31m][0m [1mTS2531: Object is possibly 'null'.[0m [1m[35m[plugin angular-compiler][0m

    src/app/pages/portfolio-home.component.ts:109:25:
[37m      109 │       this.lastUpdated = [32mthis.dataset[37m.lastUpdated;
          ╵                          [32m~~~~~~~~~~~~[0m


[31mX [41;31m[[41;97mERROR[41;31m][0m [1mTS2531: Object is possibly 'null'.[0m [1m[35m[plugin angular-compiler][0m

    src/app/pages/portfolio-home.component.ts:110:27:
[37m      110 │       this.summaryByType = [32mthis.dataset[37m.summaryByType;
          ╵                            [32m~~~~~~~~~~~~[0m


[31mX [41;31m[[41;97mERROR[41;31m][0m [1mTS2531: Object is possibly 'null'.[0m [1m[35m[plugin angular-compiler][0m

    src/app/pages/portfolio-home.component.ts:111:28:
[37m      111 │       this.summaryByAsset = [32mthis.dataset[37m.summaryByAsset;
          ╵                             [32m~~~~~~~~~~~~[0m


[31mX [41;31m[[41;97mERROR[41;31m][0m [1mTS2531: Object is possibly 'null'.[0m [1m[35m[plugin angular-compiler][0m

    src/app/pages/portfolio-home.component.ts:112:49:
[37m      112 │ ...s = ['TODOS', ...new Set([32mthis.dataset[37m.rows.map((row) => row.ty...
          ╵                             [32m~~~~~~~~~~~~[0m

[39m[22m
