
> angular-app@0.0.0 start:full
> concurrently "npm run start:api" "npm run start:ui"

[1] 
[1] > angular-app@0.0.0 start:ui
[1] > ng serve --proxy-config proxy.conf.json
[1] 
[0] 
[0] > angular-app@0.0.0 start:api
[0] > node backend/server.js
[0] 
[1] Node.js version v21.6.1 detected.
[1] Odd numbered Node.js versions will not enter LTS status and should not be used for production. For more information, please see https://nodejs.org/en/about/previous-releases/.
[0] [dotenv@17.3.1] injecting env (1) from .env -- tip: 🛡️ auth for agents: https://vestauth.com
[0] [yahoo-finance2] Unsupported environment: Requires Node >= 22.0.0, found 21.6.1. (runtime=node, version=21.6.1). Things might break or work unexpectedly!
[0] [yahoo-finance2] Unsupported environment: Requires Node >= 22.0.0, found 21.6.1. (runtime=node, version=21.6.1). Things might break or work unexpectedly!
[0] [yahoo-finance2] Unsupported environment: Requires Node >= 22.0.0, found 21.6.1. (runtime=node, version=21.6.1). Things might break or work unexpectedly!
[0] Morningstar backend listening on http://localhost:3000
[1] [1m[33mComponent HMR has been enabled, see https://angular.dev/hmr for more info.[39m[22m
[1] [33m>[39m Building...
[1] [32m√[39m Building...
[1] [1mInitial chunk files[22m[2m | [22m[1mNames[22m        [2m | [22m [1mRaw size[22m
[1] [32mmain.js[39m            [2m | [22m[2mmain[22m         [2m | [22m[36m281.83 kB[39m[2m | [22m
[1] [32mpolyfills.js[39m       [2m | [22m[2mpolyfills[22m    [2m | [22m [36m89.77 kB[39m[2m | [22m
[1] [32mstyles.css[39m         [2m | [22m[2mstyles[22m       [2m | [22m  [36m1.83 kB[39m[2m | [22m
[1] 
[1] [1m [22m                  [2m | [22m[1mInitial total[22m[2m | [22m[1m373.43 kB[22m
[1] 
[1] Application bundle generation complete. [4.601 seconds]
[1] 
[1] Watch mode enabled. Watching for file changes...
[1] NOTE: Raw file sizes do not reflect development server per-request transformations.
[1]   [32m➜[39m  [1mLocal[22m:   [36mhttp://localhost:[1m4200[22m/[39m
[0] (node:13560) Warning: Setting the NODE_TLS_REJECT_UNAUTHORIZED environment variable to '0' makes TLS connections and HTTPS requests insecure by disabling certificate verification.
[0] (Use `node --trace-warnings ...` to show where the warning was created)
[0] {
[0]   schemaPath: '#/definitions/QuoteSummaryResult/items',
[0]   schema: { type: 'object', additionalProperties: {} }
[0] }
[0] {
[0]   schemaPath: '#/definitions/QuoteSummaryResult/items',
[0]   schema: { type: 'object', additionalProperties: {} }
[0] }
[0] {
[0]   schemaPath: '#/definitions/QuoteSummaryResult/items',
[0]   schema: { type: 'object', additionalProperties: {} }
[0] }
[0] {
[0]   schemaPath: '#/definitions/QuoteSummaryResult/items',
[0]   schema: { type: 'object', additionalProperties: {} }
[0] }
[0] {
[0]   schemaPath: '#/definitions/QuoteSummaryResult/items',
[0]   schema: { type: 'object', additionalProperties: {} }
[0] }
[0] {
[0]   schemaPath: '#/definitions/QuoteSummaryResult/items',
[0]   schema: { type: 'object', additionalProperties: {} }
[0] }
[0] {
[0]   schemaPath: '#/definitions/QuoteSummaryResult/items',
[0]   schema: { type: 'object', additionalProperties: {} }
[0] }
[1] [33m>[39m Changes detected. Rebuilding...
[1] [32m√[39m Changes detected. Rebuilding...
[1] [1mInitial chunk files[22m[2m | [22m[1mNames[22m[2m | [22m [1mRaw size[22m
[1] [32mmain.js[39m            [2m | [22m[2mmain[22m [2m | [22m[36m281.83 kB[39m[2m | [22m
[1] 
[1] Application bundle generation complete. [1.360 seconds]
[1] 
[1] Component update sent to client(s).
[1] [33m>[39m Changes detected. Rebuilding...
[1] [32m√[39m Changes detected. Rebuilding...
[1] Application bundle generation failed. [0.924 seconds]
[1] 
[1] [1m[31m[31mX [41;31m[[41;97mERROR[41;31m][0m [1mCannot use "||" with "??" without parentheses[0m
[1] 
[1]     src/app/services/auth.service.ts:42:72:
[1] [37m      42 │ ...tAuthenticatedState(response.username ?? username.trim() [32m||[37m null);
[1]          ╵                                                             [32m~~[0m
[1] 
[1]   Expressions of the form "x ?? y || z" are not allowed in JavaScript. You must disambiguate between "(x ?? y) || z" and "x ?? (y || z)" by adding parentheses.
[1] 
[1] 
[1] [31mX [41;31m[[41;97mERROR[41;31m][0m [1mTS5076: '||' and '??' operations cannot be mixed without parentheses.[0m [1m[35m[plugin angular-compiler][0m
[1] 
[1]     src/app/services/auth.service.ts:57:52:
[1] [37m      57 │ ...tAuthenticatedState(response.username ?? [32musername.trim() || null[37m);
[1]          ╵                                             [32m~~~~~~~~~~~~~~~~~~~~~~~[0m
[1] 
[1] [39m[22m
[1] [33m>[39m Changes detected. Rebuilding...
[1] [32m√[39m Changes detected. Rebuilding...
[1] [1mInitial chunk files[22m[2m | [22m[1mNames[22m        [2m | [22m [1mRaw size[22m
[1] [32mmain.js[39m            [2m | [22m[2mmain[22m         [2m | [22m[36m305.86 kB[39m[2m | [22m
[1] [32mpolyfills.js[39m       [2m | [22m[2mpolyfills[22m    [2m | [22m [36m89.77 kB[39m[2m | [22m
[1] [32mstyles.css[39m         [2m | [22m[2mstyles[22m       [2m | [22m  [36m1.83 kB[39m[2m | [22m
[1] 
[1] [1m [22m                  [2m | [22m[1mInitial total[22m[2m | [22m[1m397.46 kB[22m
[1] 
[1] Application bundle generation complete. [0.366 seconds]
[1] 
[1] Page reload sent to client(s).
[0] npm run start:api exited with code 4294967295
[1] [1m[31m[2m22:26:25[22m[1m [31m[1m[vite][22m[1m[31m [31mhttp proxy error: /api/auth/login[31m
[1] Error: connect ECONNREFUSED 127.0.0.1:3000
[1]     at TCPConnectWrap.afterConnect [as oncomplete] (node:net:1602:16)[39m[22m
[1] npm run start:ui exited with code 4294967295
